https://github.com/CreatorYuan/ShellTools.git

https://www.cnblogs.com/woider/p/6533709.html
一、安装 Git
Ubuntu 安装 Git：  apt-get install git  

　　CentOS 安装 Git：  yum install git  

　　查看 Git 版本信息：  git version  

　　配置 Git 用户信息：

 git config --global user.name "CreatorYuan"
 git config --global user.email "724991661@qq.com" "CreatorYuan@github.com"
二、开启 SSH 服务
Ubuntu 安装 SSH：  apt-get install ssh  

　　查看 SSH 服务状态：  ps -e | grep sshd 
三、生成 SSH KEY
使用 ls -al ~/.ssh 命令查看 ssh key 是否存在，若存在则忽略这一步

　　生成 SSH KEY：  ssh-keygen -t rsa -C "woider@gmail.com"  
一、查看 SSH KEY
进入 /root/.ssh 目录，查看 id_rsa 和 id_rsa.pub 文件：

 root@localhost:~# cd /root/.ssh
 root@localhost:~/.ssh# ls -a

二、复制 SSH KEY
打开 id_rsa.pub 文件，将内容复制到剪贴板：  vim id_rsa.pub 
三、添加 SSH KEY
登录 GitHub，打开 Personal settings 页面，选择 SSH and GPG keys 选项
添加 SSH key 之后，Linux 就可以通过 SSH 建立本地 Git 与 GitHub 的连接了。
一、创建GitHub仓库
↑ SSH 地址为 git@github.com:woider/baidu.git
二、克隆仓库到本地
通过 SSH 地址将 GitHub 仓库克隆到本地：

 git clone git@github.com:woider/baidu.git 
克隆到本地的仓库会自动关联远程仓库，可以通过  git remote -v  命令查看关联状态：
 关联后可以通过  git push origin master  命令推送修改
/* 创建一个 readme.md 文件 */
root@localhost:/home/baidu# vim readme.md

/* 输出 readme.md 文件内容 */
root@localhost:/home/baidu# cat readme.md 
Git关联GitHub
=============

/* 将文件添加到暂存区 */
root@localhost:/home/baidu# git add readme.md 

/* 提交本次修改 */
root@localhost:/home/baidu# git commit -m "add readme file"
[master 228d321] add readme file
 1 file changed, 2 insertions(+)
 create mode 100644 readme.md
 
 /* 推送到远程仓库 */
root@localhost:/home/baidu# git push origin master
Counting objects: 3, done.
Compressing objects: 100% (2/2), done.
Writing objects: 100% (3/3), 290 bytes | 0 bytes/s, done.
Total 3 (delta 0), reused 0 (delta 0)
To git@github.com:woider/baidu.git
   36c5c1c..228d321  master -> master

root@localhost:/home/baidu#


########################################################################################

https://github.com/CreatorYuan/ShellTools

Quick setup — if you’ve done this kind of thing before
or  https://github.com/CreatorYuan/ShellTools.git

We recommend every repository include a README, LICENSE, and .gitignore. 

…or create a new repository on the command line

echo "# ShellTools" >> README.md
git init
git add README.md
git commit -m "first commit"
git remote add origin https://github.com/CreatorYuan/ShellTools.git
git push -u origin master

…or push an existing repository from the command line

git remote add origin https://github.com/CreatorYuan/ShellTools.git
git push -u origin master

…or import code from another repository

You can initialize this repository with code from a Subversion, Mercurial, or TFS project.


.git
├── branches
├── config
├── description
├── HEAD
├── hooks
│   ├── applypatch-msg.sample
│   ├── commit-msg.sample
│   ├── post-update.sample
│   ├── pre-applypatch.sample
│   ├── pre-commit.sample
│   ├── prepare-commit-msg.sample
│   ├── pre-push.sample
│   ├── pre-rebase.sample
│   └── update.sample
├── index
├── info
│   └── exclude
├── objects
│   ├── 28
│   │   └── 036cc2511a5f60db97131783ca889d6847c363
│   ├── info
│   └── pack
└── refs
    ├── heads
    └── tags


test path

 git add 
.git/       github.txt  
 git add github.txt 
 git commit -m "first commit"
[master cda4cbb] first commit
 1 file changed, 27 insertions(+)
 git remote add origin https://github.com/CreatorYuan/ShellTools.git
 git push -u origin master
Username for 'https://github.com': CreatorYuan
Password for 'https://CreatorYuan@github.com': 

分支 master 设置为跟踪来自 origin 的远程分支 master。


